// Jest Snapshot v1, https://goo.gl/fbAQLP

exports[`PreloaderCircle tests PreloaderCircle hidden snapshot 1`] = `"<!--v-if-->"`;

exports[`PreloaderCircle tests PreloaderCircle visible snapshot 1`] = `"<div class=\\"preloader\\"></div>"`;
